<testsuites id="" name="" tests="7" failures="4" skipped="0" errors="0" time="44.003509">
<testsuite name="dashboard.spec.ts" timestamp="2025-09-09T04:33:48.770Z" hostname="chromium" tests="7" failures="4" skipped="0" time="66.869" errors="0">
<testcase name="Dashboard Layout › should display sidebar on desktop" classname="dashboard.spec.ts" time="6.085">
<failure message="dashboard.spec.ts:8:7 should display sidebar on desktop" type="FAILURE">
<![CDATA[  [chromium] › dashboard.spec.ts:8:7 › Dashboard Layout › should display sidebar on desktop ────────

    Error: expect.toBeVisible: Error: strict mode violation: locator('text=Dashboard') resolved to 2 elements:
        1) <span>Dashboard</span> aka getByRole('link', { name: 'Dashboard' })
        2) <h1 class="text-3xl font-bold tracking-tight">Dashboard</h1> aka getByRole('heading', { name: 'Dashboard' })

    Call log:
      - Expect "toBeVisible" with timeout 5000ms
      - waiting for locator('text=Dashboard')


      12 |     
      13 |     // Check for navigation items
    > 14 |     await expect(page.locator('text=Dashboard')).toBeVisible();
         |                                                  ^
      15 |     await expect(page.locator('text=Listings')).toBeVisible();
      16 |     await expect(page.locator('text=Orders')).toBeVisible();
      17 |     await expect(page.locator('text=Customers')).toBeVisible();
        at /Users/kumar/Business admin/tripfluence-admin/tests/e2e/dashboard.spec.ts:14:50

    attachment #1: screenshot (image/png) ──────────────────────────────────────────────────────────
    ../../test-results/dashboard-Dashboard-Layout-should-display-sidebar-on-desktop-chromium/test-failed-1.png
    ────────────────────────────────────────────────────────────────────────────────────────────────

    attachment #2: video (video/webm) ──────────────────────────────────────────────────────────────
    ../../test-results/dashboard-Dashboard-Layout-should-display-sidebar-on-desktop-chromium/video.webm
    ────────────────────────────────────────────────────────────────────────────────────────────────

    Error Context: ../../test-results/dashboard-Dashboard-Layout-should-display-sidebar-on-desktop-chromium/error-context.md
]]>
</failure>
<system-out>
<![CDATA[
[[ATTACHMENT|dashboard-Dashboard-Layout-should-display-sidebar-on-desktop-chromium/test-failed-1.png]]

[[ATTACHMENT|dashboard-Dashboard-Layout-should-display-sidebar-on-desktop-chromium/video.webm]]

[[ATTACHMENT|dashboard-Dashboard-Layout-should-display-sidebar-on-desktop-chromium/error-context.md]]
]]>
</system-out>
</testcase>
<testcase name="Dashboard Layout › should collapse sidebar on mobile" classname="dashboard.spec.ts" time="7.617">
</testcase>
<testcase name="Dashboard Layout › should display topbar with search, notifications, and profile" classname="dashboard.spec.ts" time="9.074">
<failure message="dashboard.spec.ts:40:7 should display topbar with search, notifications, and profile" type="FAILURE">
<![CDATA[  [chromium] › dashboard.spec.ts:40:7 › Dashboard Layout › should display topbar with search, notifications, and profile 

    Error: expect(locator).toBeVisible() failed

    Locator:  locator('[data-testid="profile-dropdown"]').or(locator('button').filter({ hasText: /profile|avatar|user/i }))
    Expected: visible
    Received: <element(s) not found>
    Timeout:  5000ms

    Call log:
      - Expect "toBeVisible" with timeout 5000ms
      - waiting for locator('[data-testid="profile-dropdown"]').or(locator('button').filter({ hasText: /profile|avatar|user/i }))


      55 |       page.locator('button').filter({ hasText: /profile|avatar|user/i })
      56 |     );
    > 57 |     await expect(profileDropdown).toBeVisible();
         |                                   ^
      58 |   });
      59 |
      60 |   test('should display metric cards with non-empty values', async ({ page }) => {
        at /Users/kumar/Business admin/tripfluence-admin/tests/e2e/dashboard.spec.ts:57:35

    attachment #1: screenshot (image/png) ──────────────────────────────────────────────────────────
    ../../test-results/dashboard-Dashboard-Layout-ef88c-h-notifications-and-profile-chromium/test-failed-1.png
    ────────────────────────────────────────────────────────────────────────────────────────────────

    attachment #2: video (video/webm) ──────────────────────────────────────────────────────────────
    ../../test-results/dashboard-Dashboard-Layout-ef88c-h-notifications-and-profile-chromium/video.webm
    ────────────────────────────────────────────────────────────────────────────────────────────────

    Error Context: ../../test-results/dashboard-Dashboard-Layout-ef88c-h-notifications-and-profile-chromium/error-context.md
]]>
</failure>
<system-out>
<![CDATA[
[[ATTACHMENT|dashboard-Dashboard-Layout-ef88c-h-notifications-and-profile-chromium/test-failed-1.png]]

[[ATTACHMENT|dashboard-Dashboard-Layout-ef88c-h-notifications-and-profile-chromium/video.webm]]

[[ATTACHMENT|dashboard-Dashboard-Layout-ef88c-h-notifications-and-profile-chromium/error-context.md]]
]]>
</system-out>
</testcase>
<testcase name="Dashboard Layout › should display metric cards with non-empty values" classname="dashboard.spec.ts" time="7.091">
<failure message="dashboard.spec.ts:60:7 should display metric cards with non-empty values" type="FAILURE">
<![CDATA[  [chromium] › dashboard.spec.ts:60:7 › Dashboard Layout › should display metric cards with non-empty values 

    Error: locator._expect: expectedNumber: expected float, got object

      68 |     
      69 |     // Should have at least 4 metric cards
    > 70 |     await expect(metricCards).toHaveCount({ min: 4 });
         |                               ^
      71 |     
      72 |     // Check that cards contain numeric values
      73 |     const revenueCard = page.locator('text=/revenue/i').locator('..');
        at /Users/kumar/Business admin/tripfluence-admin/tests/e2e/dashboard.spec.ts:70:31

    attachment #1: screenshot (image/png) ──────────────────────────────────────────────────────────
    ../../test-results/dashboard-Dashboard-Layout-c22b8-cards-with-non-empty-values-chromium/test-failed-1.png
    ────────────────────────────────────────────────────────────────────────────────────────────────

    attachment #2: video (video/webm) ──────────────────────────────────────────────────────────────
    ../../test-results/dashboard-Dashboard-Layout-c22b8-cards-with-non-empty-values-chromium/video.webm
    ────────────────────────────────────────────────────────────────────────────────────────────────

    Error Context: ../../test-results/dashboard-Dashboard-Layout-c22b8-cards-with-non-empty-values-chromium/error-context.md
]]>
</failure>
<system-out>
<![CDATA[
[[ATTACHMENT|dashboard-Dashboard-Layout-c22b8-cards-with-non-empty-values-chromium/test-failed-1.png]]

[[ATTACHMENT|dashboard-Dashboard-Layout-c22b8-cards-with-non-empty-values-chromium/video.webm]]

[[ATTACHMENT|dashboard-Dashboard-Layout-c22b8-cards-with-non-empty-values-chromium/error-context.md]]
]]>
</system-out>
</testcase>
<testcase name="Dashboard Layout › should navigate between sidebar items" classname="dashboard.spec.ts" time="31.3">
<failure message="dashboard.spec.ts:83:7 should navigate between sidebar items" type="FAILURE">
<![CDATA[  [chromium] › dashboard.spec.ts:83:7 › Dashboard Layout › should navigate between sidebar items ───

    Test timeout of 30000ms exceeded.

    Error: page.click: Test timeout of 30000ms exceeded.
    Call log:
      - waiting for locator('text=Orders')


      86 |     await expect(page).toHaveURL('/listings');
      87 |     
    > 88 |     await page.click('text=Orders');
         |                ^
      89 |     await expect(page).toHaveURL('/orders');
      90 |     
      91 |     await page.click('text=Dashboard');
        at /Users/kumar/Business admin/tripfluence-admin/tests/e2e/dashboard.spec.ts:88:16

    attachment #1: screenshot (image/png) ──────────────────────────────────────────────────────────
    ../../test-results/dashboard-Dashboard-Layout-a54e3-igate-between-sidebar-items-chromium/test-failed-1.png
    ────────────────────────────────────────────────────────────────────────────────────────────────

    attachment #2: video (video/webm) ──────────────────────────────────────────────────────────────
    ../../test-results/dashboard-Dashboard-Layout-a54e3-igate-between-sidebar-items-chromium/video.webm
    ────────────────────────────────────────────────────────────────────────────────────────────────

    Error Context: ../../test-results/dashboard-Dashboard-Layout-a54e3-igate-between-sidebar-items-chromium/error-context.md
]]>
</failure>
<system-out>
<![CDATA[
[[ATTACHMENT|dashboard-Dashboard-Layout-a54e3-igate-between-sidebar-items-chromium/test-failed-1.png]]

[[ATTACHMENT|dashboard-Dashboard-Layout-a54e3-igate-between-sidebar-items-chromium/video.webm]]

[[ATTACHMENT|dashboard-Dashboard-Layout-a54e3-igate-between-sidebar-items-chromium/error-context.md]]
]]>
</system-out>
</testcase>
<testcase name="Dashboard Layout › should maintain layout consistency in dark mode" classname="dashboard.spec.ts" time="2.196">
</testcase>
<testcase name="Dashboard Layout › should handle responsive layout correctly" classname="dashboard.spec.ts" time="3.506">
</testcase>
</testsuite>
</testsuites>